# How to merge two dictionaries
# in Python 3.5+

>>> x = {'a': 1, 'b': 2}
>>> y = {'b': 3, 'c': 4}

>>> z = {**x, **y}

>>> z
{'c': 4, 'a': 1, 'b': 3}

---

# Different ways to test multiple
# flags at once in Python
x, y, z = 0, 1, 0

if x == 1 or y == 1 or z == 1:
    print('passed')

if 1 in (x, y, z):
    print('passed')

# These only test for truthiness:
if x or y or z:
    print('passed')

if any((x, y, z)):
    print('passed')

---

a, b = map(int, input().split())

---

# How to sort a Python dict by value
# (== get a representation sorted by value)

>>> xs = {'a': 4, 'b': 3, 'c': 2, 'd': 1}

>>> sorted(xs.items(), key=lambda x: x[1])
[('d', 1), ('c', 2), ('b', 3), ('a', 4)]

# Or:

>>> import operator
>>> sorted(xs.items(), key=operator.itemgetter(1))
[('d', 1), ('c', 2), ('b', 3), ('a', 4)]

---

# The get() method on dicts
# and its "default" argument

name_for_userid = {
    382: "Alice",
    590: "Bob",
    951: "Dilbert",
}

def greeting(userid):
    return "Hi %s!" % name_for_userid.get(userid, "there")

>>> greeting(382)
"Hi Alice!"

>>> greeting(333333)
"Hi there!"

When "get()" is called it checks if the given key exists in the dict.

If it does exist, the value for that key is returned.

If it does not exist then the value of the default argument is returned instead.

---

# Why Python is Great: Namedtuples
# Using namedtuple is way shorter than
# defining a class manually:
>>> from collections import namedtuple
>>> Car = namedtuple('Car', 'color mileage')

# Our new "Car" class works as expected:
>>> my_car = Car('red', 3812.4)
>>> my_car.color
'red'
>>> my_car.mileage
3812.4

# We get a nice string repr for free:
>>> my_car
Car(color='red' , mileage=3812.4)

# Like tuples, namedtuples are immutable:
>>> my_car.color = 'blue'
AttributeError: "can't set attribute"

---

import this


---

# The standard string repr for dicts is hard to read:
>>> my_mapping = {'a': 23, 'b': 42, 'c': 0xc0ffee}
>>> my_mapping
{'b': 42, 'c': 12648430. 'a': 23}  # ğŸ˜

# The "json" module can do a much better job:
>>> import json
>>> print(json.dumps(my_mapping, indent=4, sort_keys=True))
{
    "a": 23,
    "b": 42,
    "c": 12648430
}

# Note this only works with dicts containing
# primitive types (check out the "pprint" module):
>>> json.dumps({all: 'yup'})
TypeError: keys must be a string

--

# Why Python Is Great:
# Function argument unpacking

def myfunc(x, y, z):
    print(x, y, z)

tuple_vec = (1, 0, 1)
dict_vec = {'x': 1, 'y': 0, 'z': 1}

>>> myfunc(*tuple_vec)
1, 0, 1

>>> myfunc(**dict_vec)
1, 0, 1

---

# The "timeit" module lets you measure the execution
# time of small bits of Python code

>>> import timeit
>>> timeit.timeit('"-".join(str(n) for n in range(100))',
                  number=10000)

0.3412662749997253

>>> timeit.timeit('"-".join([str(n) for n in range(100)])',
                  number=10000)

0.2996307989997149

>>> timeit.timeit('"-".join(map(str, range(100)))',
                  number=10000)

0.24581470699922647

---
